// Vitest Snapshot v1, https://vitest.dev/guide/snapshot.html

exports[`<SubmitBtn /> > Should render correctly to the snapshot 1`] = `
<DocumentFragment>
  <button
    class="bg-purple-500 text-purple-50 text-lg border-2 border-purple-50 border-opacity-60 font-semibold py-1 px-2 rounded-md hover:bg-purple-600"
    data-testid="submitButton"
    type="submit"
  >
    Test Title
  </button>
</DocumentFragment>
`;
